ROUTER_COUNT=5
INTERLEVEL_FIFO_COUNT=8
EXPECTED_INTERLEVEL_FIFO_COUNT=8
ASYNC_FIFO_COUNT=8
CIRCULAR_FIFO_COUNT=0
IPM_COUNT=25
OPM_COUNT=25
MUTEX4_COUNT=25
MUTEX2_COUNT=75
LANE_PHASE_ADAPTER_COUNT=0
RESET_LATCH_COUNT=5725
SET_RESET_LATCH_COUNT=450
SR_LATCH_COUNT=0
PATH_LATCH_CLEAR_COUNT=100
PATH_LATCH_DUAL_COUNT=0
V2_CLOSE_EVENT_COUNT=50
HANDSHAKE_COMPLETE_COUNT=0
RCU_DELAY_ELEMENT_COUNT=25
RCU_DEL150_COUNT=100
OPM_ACKIN_DELAY_ELEMENT_COUNT=25
OPM_ACKIN_DEL250_COUNT=25
WP_REQ_DEL250_COUNT=0
HS01_HEAD_BUFFER_COUNT=0
HS01_TAIL_BUFFER_COUNT=0
ACK_FEEDBACK_BUFFER_STAGES=0
ACK_FEEDBACK_BUFFER_COUNT=0
